[0]=opened
[1]=closed
[2]=closed
[3]=opened
[4]=closed
[5]=opened
[6]=opened
[7]=opened
[8]=closed
[9]=opened
[10]=opened
[11]=closed
[12]=opened
[13]=closed
[14]=opened
[15]=opened
[16]=opened
[17]=opened
[18]=opened
[19]=closed
[20]=closed
[21]=closed
[22]=opened
[23]=closed
[24]=closed
[25]=closed
[26]=closed
[27]=opened
[28]=opened
[29]=closed
[30]=opened
[31]=opened
[32]=closed
[33]=closed
[34]=closed
[35]=closed
[36]=opened
[37]=closed
[38]=closed
[39]=closed
[40]=opened
[41]=opened
[42]=opened
[43]=opened
[44]=opened
[45]=closed
[46]=opened
[47]=closed
[48]=opened
[49]=opened
[50]=closed
[51]=opened
[52]=opened
[53]=opened
[54]=closed
[55]=opened
[56]=closed
[57]=closed
[58]=opened
[59]=opened
[60]=opened
[61]=closed
[62]=closed
[63]=opened
[64]=closed
[65]=opened
[66]=opened
[67]=opened
[68]=closed
[69]=opened
[70]=opened
[71]=closed
[72]=opened
[73]=closed
[74]=opened
[75]=opened
[76]=opened
[77]=opened
[78]=opened
[79]=closed
[80]=closed
[81]=closed
[82]=opened
[83]=closed
[84]=closed
[85]=closed
[86]=closed
[87]=opened
[88]=opened
[89]=closed
[90]=opened
[91]=opened
[92]=closed
[93]=closed
[94]=closed
[95]=closed
[96]=opened
[97]=closed
[98]=closed
[99]=closed